../Core/Src/a7672e.c:32:24:rb_count	4	static
../Core/Src/a7672e.c:37:23:rb_get	16	static
../Core/Src/a7672e.c:45:6:A7672E_UART_RxCpltCallback	8	static
../Core/Src/a7672e.c:54:13:modem_write	16	static
../Core/Src/a7672e.c:60:13:modem_send	16	static
../Core/Src/a7672e.c:70:17:modem_read_line	40	static
../Core/Src/a7672e.c:94:24:modem_cmd	296	static
../Core/Src/a7672e.c:123:24:modem_wait_prompt	32	static
../Core/Src/a7672e.c:178:13:urc_handle_line	32	static
../Core/Src/a7672e.c:238:6:A7672E_Init	8	static
../Core/Src/a7672e.c:251:6:A7672E_PowerOn	8	static
../Core/Src/a7672e.c:262:17:A7672E_WaitReady	32	static
../Core/Src/a7672e.c:272:17:A7672E_InitNetwork	176	static
../Core/Src/a7672e.c:324:17:A7672E_TlsUploadCert	72	static
../Core/Src/a7672e.c:349:17:A7672E_MqttConnect	224	static
../Core/Src/a7672e.c:391:17:A7672E_MqttSubscribe	80	static
../Core/Src/a7672e.c:409:17:A7672E_MqttPublish	88	static
../Core/Src/a7672e.c:436:6:A7672E_MqttSetMsgCallback	16	static
../Core/Src/a7672e.c:437:6:A7672E_MqttSetLostCallback	16	static
../Core/Src/a7672e.c:439:6:A7672E_Process	16	static
